HDF5-DIAG: Error detected in HDF5 (1.14.6) MPI-process 0:
  #000: H5D.c line 186 in H5Dcreate2(): unable to synchronously create dataset
    major: Dataset
    minor: Unable to create file
  #001: H5D.c line 135 in H5D__create_api_common(): unable to create dataset
    major: Dataset
    minor: Unable to create file
  #002: H5VLcallback.c line 1865 in H5VL_dataset_create(): dataset create failed
    major: Virtual Object Layer
    minor: Unable to create file
  #003: H5VLcallback.c line 1830 in H5VL__dataset_create(): dataset create failed
    major: Virtual Object Layer
    minor: Unable to create file
  #004: H5VLnative_dataset.c line 282 in H5VL__native_dataset_create(): unable to create dataset
    major: Dataset
    minor: Unable to initialize object
  #005: H5Dint.c line 351 in H5D__create_named(): unable to create and link to dataset
    major: Dataset
    minor: Unable to initialize object
  #006: H5Lint.c line 492 in H5L_link_object(): unable to create new link to object
    major: Links
    minor: Unable to initialize object
  #007: H5Lint.c line 732 in H5L__create_real(): can't insert link
    major: Links
    minor: Unable to insert object
  #008: H5Gtraverse.c line 824 in H5G_traverse(): internal path traversal failed
    major: Symbol table
    minor: Object not found
  #009: H5Gtraverse.c line 596 in H5G__traverse_real(): traversal operator failed
    major: Symbol table
    minor: Callback failed
  #010: H5Lint.c line 537 in H5L__link_cb(): unable to create object
    major: Links
    minor: Unable to initialize object
  #011: H5Oint.c line 2346 in H5O_obj_create(): unable to open object
    major: Object header
    minor: Can't open object
  #012: H5Doh.c line 273 in H5O__dset_create(): unable to create dataset
    major: Dataset
    minor: Unable to initialize object
  #013: H5Dint.c line 1166 in H5D__create(): not a datatype
    major: Invalid arguments to routine
    minor: Inappropriate type
